[debug] [2026-09-14T17:34:01.955Z] ----------------------------------------------------------------------
[debug] [2026-09-14T17:34:01.956Z] Command:       /Users/meysoft/.nvm/versions/node/v22.23.2/bin/node /opt/homebrew/bin/firebase projects:list
[debug] [2026-09-14T17:34:01.957Z] CLI Version:   14.14.0
[debug] [2026-09-14T17:34:01.957Z] Platform:      darwin
[debug] [2026-09-14T17:34:01.957Z] Node Version:  v22.23.2
[debug] [2026-09-14T17:34:01.957Z] Time:          Mon Sep 14 2026 20:34:01 GMT+0300 (Türkiye Standard Time)
[debug] [2026-09-14T17:34:01.957Z] ----------------------------------------------------------------------
[debug] 
[debug] [2026-09-14T17:34:01.958Z] >>> [apiv2][query] GET https://firebase-public.firebaseio.com/cli.json [none]
[debug] [2026-09-14T17:34:01.970Z] > command requires scopes: ["email","openid","https://www.googleapis.com/auth/cloudplatformprojects.readonly","https://www.googleapis.com/auth/firebase","https://www.googleapis.com/auth/cloud-platform"]
[debug] [2026-09-14T17:34:01.970Z] > authorizing via signed-in user (deploiers@gmail.com)
[debug] [2026-09-14T17:34:01.972Z] Checked if tokens are valid: false, expires at: 1762274339822
[debug] [2026-09-14T17:34:01.972Z] Checked if tokens are valid: false, expires at: 1762274339822
[debug] [2026-09-14T17:34:01.972Z] > refreshing access token with scopes: []
[debug] [2026-09-14T17:34:01.972Z] >>> [apiv2][query] POST https://www.googleapis.com/oauth2/v3/token [none]
[debug] [2026-09-14T17:34:01.973Z] >>> [apiv2][body] POST https://www.googleapis.com/oauth2/v3/token [omitted]
[debug] [2026-09-14T17:34:02.253Z] <<< [apiv2][status] POST https://www.googleapis.com/oauth2/v3/token 400
[debug] [2026-09-14T17:34:02.253Z] <<< [apiv2][body] POST https://www.googleapis.com/oauth2/v3/token [omitted]
[debug] [2026-09-14T17:34:02.254Z] >>> [apiv2][query] GET https://firebase.googleapis.com/v1beta1/projects pageSize=1000
[debug] [2026-09-14T17:34:02.420Z] <<< [apiv2][status] GET https://firebase-public.firebaseio.com/cli.json 200
[debug] [2026-09-14T17:34:02.420Z] <<< [apiv2][body] GET https://firebase-public.firebaseio.com/cli.json {"cloudBuildErrorAfter":1594252800000,"cloudBuildWarnAfter":1590019200000,"defaultNode10After":1594252800000,"minVersion":"3.0.5","node8DeploysDisabledAfter":1613390400000,"node8RuntimeDisabledAfter":1615809600000,"node8WarnAfter":1600128000000}
[debug] [2026-09-14T17:34:02.538Z] <<< [apiv2][status] GET https://firebase.googleapis.com/v1beta1/projects 401
[debug] [2026-09-14T17:34:02.539Z] <<< [apiv2][body] GET https://firebase.googleapis.com/v1beta1/projects [omitted]
[debug] [2026-09-14T17:34:02.539Z] Got a 401 Unauthenticated error for a call that required authentication. Refreshing tokens.
[debug] [2026-09-14T17:34:02.539Z] Checked if tokens are valid: false, expires at: 1762274339822
[debug] [2026-09-14T17:34:02.539Z] Checked if tokens are valid: false, expires at: 1762274339822
[debug] [2026-09-14T17:34:02.539Z] > refreshing access token with scopes: []
[debug] [2026-09-14T17:34:02.540Z] >>> [apiv2][query] POST https://www.googleapis.com/oauth2/v3/token [none]
[debug] [2026-09-14T17:34:02.540Z] >>> [apiv2][body] POST https://www.googleapis.com/oauth2/v3/token [omitted]
[debug] [2026-09-14T17:34:02.691Z] <<< [apiv2][status] POST https://www.googleapis.com/oauth2/v3/token 400
[debug] [2026-09-14T17:34:02.691Z] <<< [apiv2][body] POST https://www.googleapis.com/oauth2/v3/token [omitted]
[debug] [2026-09-14T17:34:02.692Z] Request to https://firebase.googleapis.com/v1beta1/projects?pageSize=1000 had HTTP Error: 401, Request had invalid authentication credentials. Expected OAuth 2 access token, login cookie or other valid authentication credential. See https://developers.google.com/identity/sign-in/web/devconsole-project.
[debug] [2026-09-14T17:34:02.693Z] FirebaseError: Request to https://firebase.googleapis.com/v1beta1/projects?pageSize=1000 had HTTP Error: 401, Request had invalid authentication credentials. Expected OAuth 2 access token, login cookie or other valid authentication credential. See https://developers.google.com/identity/sign-in/web/devconsole-project.
    at responseToError (/opt/homebrew/lib/node_modules/firebase-tools/lib/responseToError.js:52:12)
    at RetryOperation._fn (/opt/homebrew/lib/node_modules/firebase-tools/lib/apiv2.js:312:77)
    at process.processTicksAndRejections (node:internal/process/task_queues:103:5)
[error] 
[error] Error: Failed to list Firebase projects. See firebase-debug.log for more info.
